2025-12-28 17:59:58 [3] \nStarting KoboCloudSync download script\n
2025-12-28 17:59:58 [4] Configuration loaded:
2025-12-28 17:59:58 [4]  Environment:        kobo
2025-12-28 17:59:58 [4]  Installation folder:/mnt/onboard/.adds/kobocloudsync
2025-12-28 17:59:58 [4]  Document folder:    /mnt/onboard/.adds/kobocloudsync/ebooks
2025-12-28 17:59:58 [4]  rclone:            /mnt/onboard/.adds/kobocloudsync/bin/rclone/rclone
2025-12-28 17:59:58 [4]  kepubify:          /mnt/onboard/.adds/kobocloudsync/bin/kepubify/kepubify
2025-12-28 17:59:58 [4]  covergen:          /mnt/onboard/.adds/kobocloudsync/bin/kepubify/covergen
2025-12-28 17:59:58 [4]  seriesmeta:        /mnt/onboard/.adds/kobocloudsync/bin/kepubify/seriesmeta
2025-12-28 17:59:58 [4] 
2025-12-28 17:59:58 [3] 
2025-12-28 17:59:58 [3] ----------------------------
2025-12-28 17:59:58 [3] Checking start conditions...
2025-12-28 17:59:58 [3] Checking dependencies...
2025-12-28 17:59:58 [3] All dependencies found
2025-12-28 17:59:58 [3] Checking rclone config...
2025-12-28 17:59:58 [3] Rclone config found
2025-12-28 17:59:58 [3] Checking network connection...
2025-12-28 17:59:58 [3] Network connection found
2025-12-28 17:59:58 [3] All start conditions met, proceeding
2025-12-28 17:59:59 [3] 
2025-12-28 17:59:59 [3] Preparing rclone shares:
2025-12-28 17:59:59 [3] Fetching remote shares from rclone config file...
2025-12-28 17:59:59 [3] Found the following shares:
2025-12-28 17:59:59 [3] Nextcloud Ivo
kobotest_a
kobotest_b
2025-12-28 17:59:59 [3] 
2025-12-28 17:59:59 [3] Checking for obsolete target folders...
2025-12-28 17:59:59 [3]   [OK] Target folder cleanup complete
2025-12-28 17:59:59 [3] 
2025-12-28 17:59:59 [3] 
2025-12-28 17:59:59 [3] [1/3] Processing share: Nextcloud Ivo
2025-12-28 17:59:59 [3]   Fetching remote metadata for Nextcloud Ivo...
2025-12-28 18:00:05 [3]   [ERROR] Failed to fetch remote metadata for Nextcloud Ivo
2025-12-28 18:00:05 [3] [ERROR] Failed to prepare share: Nextcloud Ivo
